// Jest Snapshot v1, https://goo.gl/fbAQLP

exports[`Pipeline build 1`] = `
Object {
  "steps": Array [
    Object {
      "command": "yarn run lint",
    },
    Object {
      "commands": Array [
        "cd dir",
        "yarn run build",
      ],
    },
  ],
}
`;

exports[`Pipeline checks 1`] = `
Object {
  "steps": Array [
    Object {
      "branches": Array [
        "master",
        "preview",
        "production",
      ],
      "commands": Array [
        "set -e",
        "cd back-end",
        "yarn install --frozen-lockfile --development",
        "yarn run setup",
        "yarn run check:workspaces",
      ],
      "label": ":typescript: check:workspaces (back-end)",
      "plugins": Array [
        Object {
          "docker#v3.10.0": Object {
            "always-pull": undefined,
            "environment": undefined,
            "image": undefined,
          },
        },
      ],
    },
    Object {
      "commands": Array [
        "cd dir",
        "yarn run build",
      ],
    },
  ],
}
`;
